py : C:\Users\user\Claude-Workspace
\crawler\build.py:119: SyntaxWarnin
g: invalid escape sequence '\G'
위치 줄:1 문자:1
+ py build.py > build_error.log 2>&
1
+ ~~~~~~~~~~~~~~~~~~~~~~~~~~~~~~~~~
~
    + CategoryInfo          : NotS 
   pecified: (C:\Users\user\C...e  
   sequence '\G':String) [], Rem   
 oteException
    + FullyQualifiedErrorId : Nati 
   veCommandError
 
  def generate_git_command(version)
:
C:\Users\user\Claude-Workspace\craw
ler\build.py:115: SyntaxWarning: in
valid escape sequence '\G'
  """
C:\Users\user\Claude-Workspace\craw
ler\build.py:115: SyntaxWarning: in
valid escape sequence '\G'
  """
Traceback (most recent call last):
  File "C:\Users\user\Claude-Worksp
ace\crawler\build.py", line 129, in
 <module>
    clean_build()
    ~~~~~~~~~~~^^
  File "C:\Users\user\Claude-Worksp
ace\crawler\build.py", line 30, in 
clean_build
    print("\U0001f9f9 Cleaning prev
ious builds...")
    ~~~~~^^^^^^^^^^^^^^^^^^^^^^^^^^
^^^^^^^^
UnicodeEncodeError: 'cp949' codec c
an't encode character '\U0001f9f9' 
in position 0: illegal multibyte se
quence
